main.c:108:5:main	16	static
main.c:157:6:SystemClock_Config	72	static
main.c:192:13:MX_SPI1_Init	8	static
main.c:228:13:MX_GPIO_Init	32	static
main.c:266:6:Menu	32	static
main.c:277:6:PrintSelectDifficulty	32	static
main.c:300:6:SelectDifficulty	8	static
main.c:305:6:IniciarJogo	4	static
main.c:308:6:GerarParesAleatorios	4	static
main.c:311:6:NavegarCursor	4	static
main.c:314:6:SelecionarCarta	4	static
main.c:317:6:CompararPares	4	static
main.c:320:6:VerificarFimDeJogo	4	static
main.c:323:6:AtualizarTentativas	4	static
main.c:326:5:AtualizarRecorde	4	static
main.c:329:6:ExibirFimDeJogo	4	static
main.c:332:6:ReadButtons	24	static
main.c:338:6:AwaitForAnyButton	16	static
main.c:345:6:DetectAnyButtonPress	40	static
main.c:368:6:DetectButtonPress	40	static
main.c:386:6:Contain	32	static
main.c:400:6:Error_Handler	4	static,ignoring_inline_asm
