main.c:108:5:main	16	static
main.c:156:6:SystemClock_Config	72	static
main.c:191:13:MX_SPI1_Init	8	static
main.c:227:13:MX_GPIO_Init	32	static
main.c:265:6:Menu	32	static
main.c:276:6:PrintSelectDifficulty	32	static
main.c:299:6:SelectDifficulty	8	static
main.c:304:6:IniciarJogo	4	static
main.c:307:6:GerarParesAleatorios	4	static
main.c:310:6:NavegarCursor	4	static
main.c:313:6:SelecionarCarta	4	static
main.c:316:6:CompararPares	4	static
main.c:319:6:VerificarFimDeJogo	4	static
main.c:322:6:AtualizarTentativas	4	static
main.c:325:5:AtualizarRecorde	4	static
main.c:328:6:ExibirFimDeJogo	4	static
main.c:331:6:ReadButtons	24	static
main.c:337:6:AwaitForAnyButton	16	static
main.c:344:6:DetectAnyButtonPress	40	static
main.c:367:6:DetectButtonPress	16	static
main.c:371:6:Contain	24	static
main.c:386:6:Error_Handler	4	static,ignoring_inline_asm
